// Jest Snapshot v1, https://goo.gl/fbAQLP

exports[`contact page should match its snapshot 1`] = `
<Fragment>
  <AboutMeSection />
  <ProgressBarsSection />
  <TestimonialsSection />
</Fragment>
`;
