// Jest Snapshot v1, https://goo.gl/fbAQLP

exports[`work page should match its snapshot 1`] = `
<Fragment>
  <GallerySection />
</Fragment>
`;
