// Jest Snapshot v1, https://goo.gl/fbAQLP

exports[`page-not-found page should match its snapshot 1`] = `
<div
  id="page-not-found"
>
  <h1>
    404 - Page Not Found!
  </h1>
</div>
`;
